// Jest Snapshot v1, https://goo.gl/fbAQLP

exports[`<Empty /> should render correctly 1`] = `
.c4 {
  background: linear-gradient( 180deg,#ff5f5f -14.51%,#f062c0 102.86%,#f23131 102.86% );
  cursor: pointer;
  color: #FAFAFA;
  border: 0;
  border-radius: 0.4rem;
  padding: 0.8rem;
  -webkit-text-decoration: none;
  text-decoration: none;
  display: -webkit-inline-box;
  display: -webkit-inline-flex;
  display: -ms-inline-flexbox;
  display: inline-flex;
  -webkit-align-items: center;
  -webkit-box-align: center;
  -ms-flex-align: center;
  align-items: center;
  -webkit-box-pack: center;
  -webkit-justify-content: center;
  -ms-flex-pack: center;
  justify-content: center;
  height: 4rem;
  font-size: 1.4rem;
  padding: 0.8rem 3.2rem;
}

.c4:focus {
  outline: 1px dashed;
}

.c4:hover {
  background: linear-gradient(180deg,#e35565 0%,#d958a6 50%);
}

.c0 {
  display: -webkit-box;
  display: -webkit-flex;
  display: -ms-flexbox;
  display: flex;
  -webkit-flex-direction: column;
  -ms-flex-direction: column;
  flex-direction: column;
  -webkit-align-items: center;
  -webkit-box-align: center;
  -ms-flex-align: center;
  align-items: center;
  text-align: center;
}

.c0 img {
  object-fit: cover;
}

.c1 {
  width: 380;
  height: 285;
}

.c2 {
  color: #F231A5;
  font-size: 2.8rem;
}

.c3 {
  color: #FAFAFA;
  font-size: 1.8rem;
  font-weight: 300;
  margin-bottom: 3.2rem;
}

<body>
  <div>
    <div
      class="c0"
    >
      <img
        alt="A gamer in a couch playing videogame"
        class="c1"
        src="/img/empty.svg"
      />
      <h2
        class="c2"
      >
        A simple title
      </h2>
      <p
        class="c3"
      >
        A simple description
      </p>
      <a
        class="c4"
        href="/"
      >
        <span>
          Go back to store
        </span>
      </a>
    </div>
  </div>
</body>
`
